// Jest Snapshot v1, https://goo.gl/fbAQLP

exports[`matches snapshot 1`] = `
<DocumentFragment>
  <li
    class="todo-container"
  />
  <button
    class="btn"
    type="button"
  >
    X
  </button>
</DocumentFragment>
`;
